
M G L E T - Multi Grid Large Eddy Turbulence

MPI INFORMATION:
    Processes:     2
    Serial IO:     F
    MPI version:   Open MPI v4.1.2, package: Open MPI ysakai@hyd37 Distribution, ident: 4.1.2, repo rev: v4.1.2, Nov 24, 2021 

IEEE aritmetic flags:
    Underflow:     gradual
    FPE traps:     none

BUILD INFORMATION:
    Date:          Nov  7 2024
    Time:          16:06:09
    Compiler:      GCC version 9.3.1 20200406 [revision 6db837a5288ee3ca5ec504fbd5a765817e556ac2]
    Options:       -cpp -I /opt/openmpi/4.0.1_gcc9/include -I /opt/openmpi/4.0.1_gcc9/lib64 -I /opt/hdf5/1.12.0_gcc9/include -I /usr/include -D _MGLET_IFK64_=1 -mtune=generic -march=x86-64 -auxbase-strip CMakeFiles/core.dir/buildinfo_mod.F90.o -fPIC -ffree-line-length-none -J ../../modules -fpre-include=/usr/include/finclude/math-vector-fortran.h

COMPILED PRECISION:
    REAL:          4 bytes
    INTEGER:       4 bytes
    INTEGER(ifk):  8 bytes

JOB INFORMATION:
    Date:          2025-07-01
    Time:          20:27:57

HDF5 collective IO: F

GRIDS PER LEVEL AND PROCESS:
=========================================
 Level:           0      1      2    Sum
-----------------------------------------
 Rank     0:      2      3      6     11
 Rank     1:      1      3      6     10
-----------------------------------------
 Sum:             3      6     12     21
=========================================

ARRAY DIMENSIONS:
    idim3d:        59584
    idim2d:        8624
    idim1d:        308

Read gridspacing arrays in  0.053 seconds

CONNECT STATISTICS:
    Faces:              78    with geometry:      78
    Lines:             240    with geometry:     240
    Corners:           168    with geometry:     168

Using 'noib' immersed boundary method

INITIAL CONDITION:
  Using expression for U:
  var eta[45] :=
    {
        0.0, 0.2, 0.4, 0.6, 0.8,
        1.0, 1.2, 1.4, 1.6, 1.8,
        2.0, 2.2, 2.4, 2.6, 2.8,
        3.0, 3.2, 3.4, 3.6, 3.8,
        4.0, 4.2, 4.4, 4.6, 4.8,
        5.0, 5.2, 5.4, 5.6, 5.8,
        6.0, 6.2, 6.4, 6.6, 6.8,
        7.0, 7.2, 7.4, 7.6, 7.8,
        8.0, 8.2, 8.4, 8.6, 8.8
    };

var fprime[45] :=
    {
        0.0, 0.06641, 0.13277, 0.19894, 0.26471,
        0.32979, 0.39378, 0.45627, 0.51676, 0.57477,
        0.62977, 0.68132, 0.72899, 0.77246, 0.81152,
        0.84605, 0.87609, 0.90177, 0.92333, 0.94112,
        0.95552, 0.96696, 0.97587, 0.98269, 0.98779,
        0.99155, 0.99452, 0.99616, 0.99748, 0.99838,
        0.99898, 0.99937, 0.99961, 0.99977, 0.99987,
        0.99992, 0.99996, 0.99998, 0.99999, 1.0,
        1.0, 1.0, 1.0, 1.0, 1.0
    };

var f[45] :=
    {
        0.0, 0.00664, 0.02656, 0.05974, 0.10611,
        0.16557, 0.23795, 0.32298, 0.42032, 0.52952,
        0.65003, 0.78120, 0.92230, 1.07252, 1.23099,
        1.39682, 1.56911, 1.74696, 1.92954, 2.11605,
        2.30576, 2.49806, 2.69238, 2.88826, 3.08534,
        3.28329, 3.48189, 3.68094, 3.88031, 4.07990,
        4.27964, 4.47948, 4.67938, 4.87931, 5.07928,
        5.27926, 5.47925, 5.67924, 5.87924, 6.07923,
        6.27923, 6.47923, 6.67923, 6.87923, 7.07023
    };

var z0 := 0.0;
var Rex := 3.25e5;
// gmol is already defined by MGLET
var ufrcon := 38.88;

var etap := (z-z0)*ufrcon/(gmol*sqrt(Rex));

var i := 0;
for (i := 0; i < 45; i += 1)
{
    // This will break and return 0 when etap == 0.0, i.e. at the wall
    if (etap <= eta[i]) break;
};

var uu;
var ww;

if (i == 0)
{
    uu := 0.0;
    ww := 0.0;
}
else if (i > 44)
{
    uu := ufrcon;
    ww := 0.5*ufrcon/sqrt(Rex) * (eta[44]*fprime[44]-f[44]);
}
else
{
    var fprimep := (etap-eta[i-1])/(eta[i]-eta[i-1])*(fprime[i]-fprime[i-1])
        + fprime[i];
    var fp := (etap-eta[i-1])/(eta[i]-eta[i-1])*(f[i]-f[i-1]) + f[i];

    uu := fprimep*ufrcon;
    ww := 0.5*ufrcon/sqrt(Rex)*(etap*fprimep-fp);
};
// It is extremely important that the if-statement is terminated with a
// semicolon here, otherwise strange things happens.
// See [SECTION 12 - EXPRESSION STRUCTURES] 3b in ExprTk readme.txt

// See add-expression.py for a last line here...
uu;

  Using expression for V:
  0.0
  Using expression for W:
  var eta[45] :=
    {
        0.0, 0.2, 0.4, 0.6, 0.8,
        1.0, 1.2, 1.4, 1.6, 1.8,
        2.0, 2.2, 2.4, 2.6, 2.8,
        3.0, 3.2, 3.4, 3.6, 3.8,
        4.0, 4.2, 4.4, 4.6, 4.8,
        5.0, 5.2, 5.4, 5.6, 5.8,
        6.0, 6.2, 6.4, 6.6, 6.8,
        7.0, 7.2, 7.4, 7.6, 7.8,
        8.0, 8.2, 8.4, 8.6, 8.8
    };

var fprime[45] :=
    {
        0.0, 0.06641, 0.13277, 0.19894, 0.26471,
        0.32979, 0.39378, 0.45627, 0.51676, 0.57477,
        0.62977, 0.68132, 0.72899, 0.77246, 0.81152,
        0.84605, 0.87609, 0.90177, 0.92333, 0.94112,
        0.95552, 0.96696, 0.97587, 0.98269, 0.98779,
        0.99155, 0.99452, 0.99616, 0.99748, 0.99838,
        0.99898, 0.99937, 0.99961, 0.99977, 0.99987,
        0.99992, 0.99996, 0.99998, 0.99999, 1.0,
        1.0, 1.0, 1.0, 1.0, 1.0
    };

var f[45] :=
    {
        0.0, 0.00664, 0.02656, 0.05974, 0.10611,
        0.16557, 0.23795, 0.32298, 0.42032, 0.52952,
        0.65003, 0.78120, 0.92230, 1.07252, 1.23099,
        1.39682, 1.56911, 1.74696, 1.92954, 2.11605,
        2.30576, 2.49806, 2.69238, 2.88826, 3.08534,
        3.28329, 3.48189, 3.68094, 3.88031, 4.07990,
        4.27964, 4.47948, 4.67938, 4.87931, 5.07928,
        5.27926, 5.47925, 5.67924, 5.87924, 6.07923,
        6.27923, 6.47923, 6.67923, 6.87923, 7.07023
    };

var z0 := 0.0;
var Rex := 3.25e5;
// gmol is already defined by MGLET
var ufrcon := 38.88;

var etap := (z-z0)*ufrcon/(gmol*sqrt(Rex));

var i := 0;
for (i := 0; i < 45; i += 1)
{
    // This will break and return 0 when etap == 0.0, i.e. at the wall
    if (etap <= eta[i]) break;
};

var uu;
var ww;

if (i == 0)
{
    uu := 0.0;
    ww := 0.0;
}
else if (i > 44)
{
    uu := ufrcon;
    ww := 0.5*ufrcon/sqrt(Rex) * (eta[44]*fprime[44]-f[44]);
}
else
{
    var fprimep := (etap-eta[i-1])/(eta[i]-eta[i-1])*(fprime[i]-fprime[i-1])
        + fprime[i];
    var fp := (etap-eta[i-1])/(eta[i]-eta[i-1])*(f[i]-f[i-1]) + f[i];

    uu := fprimep*ufrcon;
    ww := 0.5*ufrcon/sqrt(Rex)*(etap*fprimep-fp);
};
// It is extremely important that the if-statement is terminated with a
// semicolon here, otherwise strange things happens.
// See [SECTION 12 - EXPRESSION STRUCTURES] 3b in ExprTk readme.txt

// See add-expression.py for a last line here...
ww;

  Expression is time-dependent: F

NO SCALAR

ITSTEP, WTIME, DELTA:        0           0.000           0.000
ITTOT, TIME, DT:             0      0.00000000      2.0000E-06
LEVEL:  0 IPC=   0 DIVMAX=   9.7200E+04 CFLMAX=   0.19469
LEVEL:  1 IPC=   0 DIVMAX=   7.3194E+01 CFLMAX=   0.38939
LEVEL:  2 IPC=   0 DIVMAX=   7.5661E+01 CFLMAX=   0.77878

ITSTEP, WTIME, DELTA:       10           2.402           0.240
ITTOT, TIME, DT:            10      0.00002000      2.0000E-06
LEVEL:  0 IPC=  10 DIVMAX=   1.3307E+03 CFLMAX=   0.19629
LEVEL:  1 IPC=  10 DIVMAX=   5.1470E+02 CFLMAX=   0.39206
LEVEL:  2 IPC=  10 DIVMAX=   4.1400E+00 CFLMAX=   0.77896

ITSTEP, WTIME, DELTA:       20           5.039           0.264
ITTOT, TIME, DT:            20      0.00004011      2.0114E-06
LEVEL:  0 IPC=  10 DIVMAX=   1.3307E+03 CFLMAX=   0.19644
LEVEL:  1 IPC=  10 DIVMAX=   5.1471E+02 CFLMAX=   0.39323
LEVEL:  2 IPC=  10 DIVMAX=   1.6861E+00 CFLMAX=   0.78340

ITSTEP, WTIME, DELTA:       30           7.210           0.217
ITTOT, TIME, DT:            30      0.00006034      2.0225E-06
LEVEL:  0 IPC=   5 DIVMAX=   1.3310E+03 CFLMAX=   0.19732
LEVEL:  1 IPC=   5 DIVMAX=   5.1498E+02 CFLMAX=   0.39509
LEVEL:  2 IPC=   5 DIVMAX=   2.1462E+00 CFLMAX=   0.78783

ITSTEP, WTIME, DELTA:       40           9.290           0.208
ITTOT, TIME, DT:            40      0.00008067      2.0334E-06
LEVEL:  0 IPC=  10 DIVMAX=   1.3300E+03 CFLMAX=   0.19838
LEVEL:  1 IPC=  10 DIVMAX=   5.1398E+02 CFLMAX=   0.39706
LEVEL:  2 IPC=  10 DIVMAX=   1.2876E+00 CFLMAX=   0.79211

ITSTEP, WTIME, DELTA:       50          11.216           0.193
ITTOT, TIME, DT:            50      0.00010111      2.0440E-06
LEVEL:  0 IPC=  10 DIVMAX=   1.3303E+03 CFLMAX=   0.19941
LEVEL:  1 IPC=  10 DIVMAX=   5.1428E+02 CFLMAX=   0.39907
LEVEL:  2 IPC=  10 DIVMAX=   9.1286E-01 CFLMAX=   0.79630

ITSTEP, WTIME, DELTA:       60          13.217           0.200
ITTOT, TIME, DT:            60      0.00012166      2.0545E-06
LEVEL:  0 IPC=   5 DIVMAX=   1.3304E+03 CFLMAX=   0.20042
LEVEL:  1 IPC=   5 DIVMAX=   5.1445E+02 CFLMAX=   0.40107
LEVEL:  2 IPC=   5 DIVMAX=   5.4203E-01 CFLMAX=   0.80039

ITSTEP, WTIME, DELTA:       70          15.228           0.201
ITTOT, TIME, DT:            70      0.00014230      2.0647E-06
LEVEL:  0 IPC=   5 DIVMAX=   1.3310E+03 CFLMAX=   0.20141
LEVEL:  1 IPC=   5 DIVMAX=   5.1493E+02 CFLMAX=   0.40303
LEVEL:  2 IPC=   5 DIVMAX=   1.9000E+00 CFLMAX=   0.80449

ITSTEP, WTIME, DELTA:       80          17.248           0.202
ITTOT, TIME, DT:            80      0.00016305      2.0748E-06
LEVEL:  0 IPC=  10 DIVMAX=   1.3309E+03 CFLMAX=   0.20240
LEVEL:  1 IPC=  10 DIVMAX=   5.1486E+02 CFLMAX=   0.40500
LEVEL:  2 IPC=  10 DIVMAX=   9.9296E-01 CFLMAX=   0.80854

ITSTEP, WTIME, DELTA:       90          19.324           0.208
ITTOT, TIME, DT:            90      0.00018390      2.0846E-06
LEVEL:  0 IPC=   5 DIVMAX=   1.3306E+03 CFLMAX=   0.20337
LEVEL:  1 IPC=   5 DIVMAX=   5.1458E+02 CFLMAX=   0.40696
LEVEL:  2 IPC=   5 DIVMAX=   3.3197E-01 CFLMAX=   0.81250

ITSTEP, WTIME, DELTA:      100          21.361           0.204
ITTOT, TIME, DT:           100      0.00020484      2.0942E-06
LEVEL:  0 IPC=   5 DIVMAX=   1.3303E+03 CFLMAX=   0.20435
LEVEL:  1 IPC=   5 DIVMAX=   5.1428E+02 CFLMAX=   0.40897
LEVEL:  2 IPC=   5 DIVMAX=   1.7958E+00 CFLMAX=   0.81640

ITSTEP, WTIME, DELTA:      110          23.453           0.209
ITTOT, TIME, DT:           110      0.00022588      2.1036E-06
LEVEL:  0 IPC=   5 DIVMAX=   1.3303E+03 CFLMAX=   0.20529
LEVEL:  1 IPC=   5 DIVMAX=   5.1435E+02 CFLMAX=   0.41086
LEVEL:  2 IPC=   5 DIVMAX=   1.6092E+00 CFLMAX=   0.82020

ITSTEP, WTIME, DELTA:      120          25.564           0.211
ITTOT, TIME, DT:           120      0.00024701      2.1129E-06
LEVEL:  0 IPC=  10 DIVMAX=   1.3306E+03 CFLMAX=   0.20620
LEVEL:  1 IPC=  10 DIVMAX=   5.1462E+02 CFLMAX=   0.41270
LEVEL:  2 IPC=  10 DIVMAX=   1.0192E+00 CFLMAX=   0.82392

ITSTEP, WTIME, DELTA:      130          27.478           0.191
ITTOT, TIME, DT:           130      0.00026823      2.1219E-06
LEVEL:  0 IPC=  10 DIVMAX=   1.3308E+03 CFLMAX=   0.20710
LEVEL:  1 IPC=  10 DIVMAX=   5.1482E+02 CFLMAX=   0.41453
LEVEL:  2 IPC=  10 DIVMAX=   1.0558E+00 CFLMAX=   0.82756

ITSTEP, WTIME, DELTA:      140          29.603           0.213
ITTOT, TIME, DT:           140      0.00028953      2.1307E-06
LEVEL:  0 IPC=   5 DIVMAX=   1.3307E+03 CFLMAX=   0.20799
LEVEL:  1 IPC=   5 DIVMAX=   5.1472E+02 CFLMAX=   0.41632
LEVEL:  2 IPC=   5 DIVMAX=   2.5029E+00 CFLMAX=   0.83115

ITSTEP, WTIME, DELTA:      150          31.654           0.205
ITTOT, TIME, DT:           150      0.00031093      2.1394E-06
LEVEL:  0 IPC=   5 DIVMAX=   1.3305E+03 CFLMAX=   0.20886
LEVEL:  1 IPC=   5 DIVMAX=   5.1449E+02 CFLMAX=   0.41808
LEVEL:  2 IPC=   5 DIVMAX=   3.7206E-01 CFLMAX=   0.83466

ITSTEP, WTIME, DELTA:      160          33.674           0.202
ITTOT, TIME, DT:           160      0.00033241      2.1479E-06
LEVEL:  0 IPC=   5 DIVMAX=   1.3304E+03 CFLMAX=   0.20972
LEVEL:  1 IPC=   5 DIVMAX=   5.1436E+02 CFLMAX=   0.41980
LEVEL:  2 IPC=   5 DIVMAX=   2.2214E+00 CFLMAX=   0.83810

ITSTEP, WTIME, DELTA:      170          35.743           0.207
ITTOT, TIME, DT:           170      0.00035397      2.1562E-06
LEVEL:  0 IPC=   5 DIVMAX=   1.3305E+03 CFLMAX=   0.21058
LEVEL:  1 IPC=   5 DIVMAX=   5.1447E+02 CFLMAX=   0.42161
LEVEL:  2 IPC=   5 DIVMAX=   3.5605E-01 CFLMAX=   0.84144

ITSTEP, WTIME, DELTA:      180          37.722           0.198
ITTOT, TIME, DT:           180      0.00037561      2.1643E-06
LEVEL:  0 IPC=   5 DIVMAX=   1.3307E+03 CFLMAX=   0.21134
LEVEL:  1 IPC=   5 DIVMAX=   5.1468E+02 CFLMAX=   0.42336
LEVEL:  2 IPC=   5 DIVMAX=   2.1269E+00 CFLMAX=   0.84471

ITSTEP, WTIME, DELTA:      190          39.654           0.193
ITTOT, TIME, DT:           190      0.00039733      2.1723E-06
LEVEL:  0 IPC=   5 DIVMAX=   1.3307E+03 CFLMAX=   0.21213
LEVEL:  1 IPC=   5 DIVMAX=   5.1474E+02 CFLMAX=   0.42536
LEVEL:  2 IPC=   5 DIVMAX=   4.3530E-01 CFLMAX=   0.84792

ITSTEP, WTIME, DELTA:      200          41.677           0.202
ITTOT, TIME, DT:           200      0.00041913      2.1801E-06
LEVEL:  0 IPC=   5 DIVMAX=   1.3306E+03 CFLMAX=   0.21292
LEVEL:  1 IPC=   5 DIVMAX=   5.1462E+02 CFLMAX=   0.42635
LEVEL:  2 IPC=   5 DIVMAX=   1.9430E+00 CFLMAX=   0.85107

ITSTEP, WTIME, DELTA:      210          43.673           0.200
ITTOT, TIME, DT:           210      0.00044101      2.1877E-06
LEVEL:  0 IPC=   5 DIVMAX=   1.3305E+03 CFLMAX=   0.21368
LEVEL:  1 IPC=   5 DIVMAX=   5.1446E+02 CFLMAX=   0.42804
LEVEL:  2 IPC=   5 DIVMAX=   3.4941E-01 CFLMAX=   0.85415

