../../build/src/mglet: error while loading shared libraries: libhdf5_fortran.so.200: cannot open shared object file: No such file or directory
--------------------------------------------------------------------------
Primary job  terminated normally, but 1 process returned
a non-zero exit code. Per user-direction, the job has been aborted.
--------------------------------------------------------------------------
--------------------------------------------------------------------------
mpirun detected that one or more processes exited with non-zero status, thus causing
the job to be terminated. The first process to do so was:

  Process name: [[32678,1],0]
  Exit code:    127
--------------------------------------------------------------------------
